../Core/Inc/crc.h:47:17:compute_crc16cdma2000_byte	32	static
../Core/Inc/crc.h:60:12:validatePacketCRC	16	static
../Core/Src/main.c:78:5:main	56	static
../Core/Src/main.c:152:6:SystemClock_Config	88	static
../Core/Src/main.c:194:13:MX_I2C1_Init	8	static
../Core/Src/main.c:228:13:MX_GPIO_Init	16	static
../Core/Src/main.c:243:6:HAL_I2C_SlaveTxCpltCallback	16	static
../Core/Src/main.c:248:6:HAL_I2C_SlaveRxCpltCallback	16	static
../Core/Src/main.c:254:6:HAL_I2C_ListenCpltCallback	16	static
../Core/Src/main.c:259:6:HAL_I2C_AddrCallback	16	static
../Core/Src/main.c:273:6:HAL_I2C_ErrorCallback	16	static
../Core/Src/main.c:291:6:Error_Handler	4	static,ignoring_inline_asm
